To honour the JVM settings for this build a single-use Daemon process will be forked. For more on this, please refer to https://docs.gradle.org/8.9/userguide/gradle_daemon.html#sec:disabling_the_daemon in the Gradle documentation.
Daemon will be stopped at the end of the build 
> Task :app:buildKotlinToolingMetadata UP-TO-DATE
> Task :app:checkKotlinGradlePluginConfigurationErrors
> Task :app:preBuild UP-TO-DATE
> Task :app:preReleaseBuild UP-TO-DATE
> Task :app:dataBindingMergeDependencyArtifactsRelease UP-TO-DATE
> Task :app:generateReleaseResValues UP-TO-DATE
> Task :app:generateReleaseResources
> Task :app:packageReleaseResources
> Task :app:parseReleaseLocalResources
> Task :app:mergeReleaseResources
> Task :app:mapReleaseSourceSetPaths
> Task :app:checkReleaseAarMetadata
> Task :app:createReleaseCompatibleScreenManifests
> Task :app:extractDeepLinksRelease

> Task :app:processReleaseMainManifest
package="com.bikemaster" found in source AndroidManifest.xml: D:\BikeMaster\android\app\src\main\AndroidManifest.xml.
Setting the namespace via the package attribute in the source AndroidManifest.xml is no longer supported, and the value is ignored.
Recommendation: remove package="com.bikemaster" from the source AndroidManifest.xml: D:\BikeMaster\android\app\src\main\AndroidManifest.xml.

> Task :app:dataBindingGenBaseClassesRelease
> Task :app:processReleaseManifest
> Task :app:javaPreCompileRelease
> Task :app:extractProguardFiles
> Task :app:mergeReleaseJniLibFolders
> Task :app:mergeReleaseNativeLibs NO-SOURCE
> Task :app:stripReleaseDebugSymbols NO-SOURCE
> Task :app:extractReleaseNativeSymbolTables NO-SOURCE
> Task :app:mergeReleaseNativeDebugMetadata NO-SOURCE
> Task :app:desugarReleaseFileDependencies
> Task :app:mergeReleaseStartupProfile
> Task :app:checkReleaseDuplicateClasses
> Task :app:mergeReleaseArtProfile
> Task :app:processReleaseManifestForPackage
> Task :app:mergeExtDexRelease
> Task :app:mergeReleaseShaders
> Task :app:compileReleaseShaders NO-SOURCE
> Task :app:generateReleaseAssets UP-TO-DATE
> Task :app:mergeReleaseAssets
> Task :app:compressReleaseAssets
> Task :app:extractReleaseVersionControlInfo
> Task :app:collectReleaseDependencies
> Task :app:sdkReleaseDependencyData
> Task :app:validateSigningRelease
> Task :app:writeReleaseAppMetadata
> Task :app:writeReleaseSigningConfigVersions
> Task :app:processReleaseResources
> Task :app:compileReleaseKotlin
> Task :app:optimizeReleaseResources

> Task :app:compileReleaseKotlin
e: file:///D:/BikeMaster/android/app/src/main/java/com/bikemaster/tracking/BikeTrackingPlugin.kt:9:12 Unresolved reference: getcapacitor
e: file:///D:/BikeMaster/android/app/src/main/java/com/bikemaster/tracking/BikeTrackingPlugin.kt:10:12 Unresolved reference: getcapacitor
e: file:///D:/BikeMaster/android/app/src/main/java/com/bikemaster/tracking/BikeTrackingPlugin.kt:11:12 Unresolved reference: getcapacitor
e: file:///D:/BikeMaster/android/app/src/main/java/com/bikemaster/tracking/BikeTrackingPlugin.kt:12:12 Unresolved reference: getcapacitor
e: file:///D:/BikeMaster/android/app/src/main/java/com/bikemaster/tracking/BikeTrackingPlugin.kt:13:12 Unresolved reference: getcapacitor
e: file:///D:/BikeMaster/android/app/src/main/java/com/bikemaster/tracking/BikeTrackingPlugin.kt:15:2 Unresolved reference: CapacitorPlugin
e: file:///D:/BikeMaster/android/app/src/main/java/com/bikemaster/tracking/BikeTrackingPlugin.kt:16:28 Unresolved reference: Plugin
e: file:///D:/BikeMaster/android/app/src/main/java/com/bikemaster/tracking/BikeTrackingPlugin.kt:19:30 Unresolved reference: PluginCall
e: file:///D:/BikeMaster/android/app/src/main/java/com/bikemaster/tracking/BikeTrackingPlugin.kt:21:5 'load' overrides nothing
e: file:///D:/BikeMaster/android/app/src/main/java/com/bikemaster/tracking/BikeTrackingPlugin.kt:36:40 Unresolved reference: JSObject
e: file:///D:/BikeMaster/android/app/src/main/java/com/bikemaster/tracking/BikeTrackingPlugin.kt:37:33 Unresolved reference: put
e: file:///D:/BikeMaster/android/app/src/main/java/com/bikemaster/tracking/BikeTrackingPlugin.kt:38:33 Unresolved reference: put
e: file:///D:/BikeMaster/android/app/src/main/java/com/bikemaster/tracking/BikeTrackingPlugin.kt:39:33 Unresolved reference: put
e: file:///D:/BikeMaster/android/app/src/main/java/com/bikemaster/tracking/BikeTrackingPlugin.kt:40:33 Unresolved reference: put
e: file:///D:/BikeMaster/android/app/src/main/java/com/bikemaster/tracking/BikeTrackingPlugin.kt:41:33 Unresolved reference: put
e: file:///D:/BikeMaster/android/app/src/main/java/com/bikemaster/tracking/BikeTrackingPlugin.kt:42:33 Unresolved reference: put
e: file:///D:/BikeMaster/android/app/src/main/java/com/bikemaster/tracking/BikeTrackingPlugin.kt:43:33 Unresolved reference: put
e: file:///D:/BikeMaster/android/app/src/main/java/com/bikemaster/tracking/BikeTrackingPlugin.kt:44:33 Unresolved reference: put
e: file:///D:/BikeMaster/android/app/src/main/java/com/bikemaster/tracking/BikeTrackingPlugin.kt:45:33 Unresolved reference: put
e: file:///D:/BikeMaster/android/app/src/main/java/com/bikemaster/tracking/BikeTrackingPlugin.kt:46:33 Unresolved reference: put
e: file:///D:/BikeMaster/android/app/src/main/java/com/bikemaster/tracking/BikeTrackingPlugin.kt:46:66 Unresolved reference: JSObject
e: file:///D:/BikeMaster/android/app/src/main/java/com/bikemaster/tracking/BikeTrackingPlugin.kt:47:33 Unresolved reference: put
e: file:///D:/BikeMaster/android/app/src/main/java/com/bikemaster/tracking/BikeTrackingPlugin.kt:47:62 Unresolved reference: JSObject
e: file:///D:/BikeMaster/android/app/src/main/java/com/bikemaster/tracking/BikeTrackingPlugin.kt:48:33 Unresolved reference: put
e: file:///D:/BikeMaster/android/app/src/main/java/com/bikemaster/tracking/BikeTrackingPlugin.kt:48:58 Unresolved reference: JSObject
e: file:///D:/BikeMaster/android/app/src/main/java/com/bikemaster/tracking/BikeTrackingPlugin.kt:50:29 Unresolved reference: notifyListeners
e: file:///D:/BikeMaster/android/app/src/main/java/com/bikemaster/tracking/BikeTrackingPlugin.kt:56:36 Unresolved reference: JSObject
e: file:///D:/BikeMaster/android/app/src/main/java/com/bikemaster/tracking/BikeTrackingPlugin.kt:57:29 Unresolved reference: put
e: file:///D:/BikeMaster/android/app/src/main/java/com/bikemaster/tracking/BikeTrackingPlugin.kt:57:58 Unresolved reference: JSObject
e: file:///D:/BikeMaster/android/app/src/main/java/com/bikemaster/tracking/BikeTrackingPlugin.kt:58:29 Unresolved reference: put
e: file:///D:/BikeMaster/android/app/src/main/java/com/bikemaster/tracking/BikeTrackingPlugin.kt:58:51 Unresolved reference: JSObject
e: file:///D:/BikeMaster/android/app/src/main/java/com/bikemaster/tracking/BikeTrackingPlugin.kt:60:25 Unresolved reference: notifyListeners
e: file:///D:/BikeMaster/android/app/src/main/java/com/bikemaster/tracking/BikeTrackingPlugin.kt:69:13 Unresolved reference: context
e: file:///D:/BikeMaster/android/app/src/main/java/com/bikemaster/tracking/BikeTrackingPlugin.kt:76:5 'protectedOnDestroy' overrides nothing
e: file:///D:/BikeMaster/android/app/src/main/java/com/bikemaster/tracking/BikeTrackingPlugin.kt:78:13 Unresolved reference: context
e: file:///D:/BikeMaster/android/app/src/main/java/com/bikemaster/tracking/BikeTrackingPlugin.kt:82:13 Unresolved reference: it
e: file:///D:/BikeMaster/android/app/src/main/java/com/bikemaster/tracking/BikeTrackingPlugin.kt:85:15 Unresolved reference: protectedOnDestroy
e: file:///D:/BikeMaster/android/app/src/main/java/com/bikemaster/tracking/BikeTrackingPlugin.kt:88:6 Unresolved reference: PluginMethod
e: file:///D:/BikeMaster/android/app/src/main/java/com/bikemaster/tracking/BikeTrackingPlugin.kt:89:29 Unresolved reference: PluginCall
e: file:///D:/BikeMaster/android/app/src/main/java/com/bikemaster/tracking/BikeTrackingPlugin.kt:91:42 Unresolved reference: context
e: file:///D:/BikeMaster/android/app/src/main/java/com/bikemaster/tracking/BikeTrackingPlugin.kt:95:6 Unresolved reference: PluginMethod
e: file:///D:/BikeMaster/android/app/src/main/java/com/bikemaster/tracking/BikeTrackingPlugin.kt:96:28 Unresolved reference: PluginCall
e: file:///D:/BikeMaster/android/app/src/main/java/com/bikemaster/tracking/BikeTrackingPlugin.kt:98:44 Unresolved reference: context
e: file:///D:/BikeMaster/android/app/src/main/java/com/bikemaster/tracking/BikeTrackingPlugin.kt:101:6 Unresolved reference: PluginMethod
e: file:///D:/BikeMaster/android/app/src/main/java/com/bikemaster/tracking/BikeTrackingPlugin.kt:102:32 Unresolved reference: PluginCall
e: file:///D:/BikeMaster/android/app/src/main/java/com/bikemaster/tracking/BikeTrackingPlugin.kt:103:21 Unresolved reference: context
e: file:///D:/BikeMaster/android/app/src/main/java/com/bikemaster/tracking/BikeTrackingPlugin.kt:106:20 Unresolved reference: JSObject
e: file:///D:/BikeMaster/android/app/src/main/java/com/bikemaster/tracking/BikeTrackingPlugin.kt:107:13 Unresolved reference: put
e: file:///D:/BikeMaster/android/app/src/main/java/com/bikemaster/tracking/BikeTrackingPlugin.kt:108:13 Unresolved reference: put
e: file:///D:/BikeMaster/android/app/src/main/java/com/bikemaster/tracking/BikeTrackingPlugin.kt:108:45 Unresolved reference: JSObject
e: file:///D:/BikeMaster/android/app/src/main/java/com/bikemaster/tracking/BikeTrackingPlugin.kt:113:6 Unresolved reference: PluginMethod
e: file:///D:/BikeMaster/android/app/src/main/java/com/bikemaster/tracking/BikeTrackingPlugin.kt:114:34 Unresolved reference: PluginCall
e: file:///D:/BikeMaster/android/app/src/main/java/com/bikemaster/tracking/BikeTrackingPlugin.kt:115:21 Unresolved reference: context
e: file:///D:/BikeMaster/android/app/src/main/java/com/bikemaster/tracking/BikeTrackingPlugin.kt:120:6 Unresolved reference: PluginMethod
e: file:///D:/BikeMaster/android/app/src/main/java/com/bikemaster/tracking/BikeTrackingPlugin.kt:121:29 Unresolved reference: PluginCall
e: file:///D:/BikeMaster/android/app/src/main/java/com/bikemaster/tracking/BikeTrackingPlugin.kt:122:46 Unresolved reference: context
e: file:///D:/BikeMaster/android/app/src/main/java/com/bikemaster/tracking/BikeTrackingPlugin.kt:126:6 Unresolved reference: PluginMethod
e: file:///D:/BikeMaster/android/app/src/main/java/com/bikemaster/tracking/BikeTrackingPlugin.kt:127:30 Unresolved reference: PluginCall
e: file:///D:/BikeMaster/android/app/src/main/java/com/bikemaster/tracking/BikeTrackingPlugin.kt:128:46 Unresolved reference: context
e: file:///D:/BikeMaster/android/app/src/main/java/com/bikemaster/tracking/BikeTrackingPlugin.kt:132:6 Unresolved reference: PluginMethod
e: file:///D:/BikeMaster/android/app/src/main/java/com/bikemaster/tracking/BikeTrackingPlugin.kt:133:32 Unresolved reference: PluginCall
e: file:///D:/BikeMaster/android/app/src/main/java/com/bikemaster/tracking/BikeTrackingPlugin.kt:134:62 Unresolved reference: context
e: file:///D:/BikeMaster/android/app/src/main/java/com/bikemaster/tracking/BikeTrackingPlugin.kt:136:47 Unresolved reference: context
e: file:///D:/BikeMaster/android/app/src/main/java/com/bikemaster/tracking/BikeTrackingPlugin.kt:141:20 Unresolved reference: JSObject
e: file:///D:/BikeMaster/android/app/src/main/java/com/bikemaster/tracking/BikeTrackingPlugin.kt:142:13 Unresolved reference: put
e: file:///D:/BikeMaster/android/app/src/main/java/com/bikemaster/tracking/BikeTrackingPlugin.kt:143:13 Unresolved reference: put
e: file:///D:/BikeMaster/android/app/src/main/java/com/bikemaster/tracking/BikeTrackingPlugin.kt:144:13 Unresolved reference: put
e: file:///D:/BikeMaster/android/app/src/main/java/com/bikemaster/tracking/BikeTrackingPlugin.kt:149:6 Unresolved reference: PluginMethod
e: file:///D:/BikeMaster/android/app/src/main/java/com/bikemaster/tracking/BikeTrackingPlugin.kt:150:23 Unresolved reference: PluginCall
e: file:///D:/BikeMaster/android/app/src/main/java/com/bikemaster/tracking/BikeTrackingPlugin.kt:156:32 Overload resolution ambiguity: 
public constructor File(p0: URI!) defined in java.io.File
public constructor File(p0: String!) defined in java.io.File
e: file:///D:/BikeMaster/android/app/src/main/java/com/bikemaster/tracking/BikeTrackingPlugin.kt:163:24 Unresolved reference: JSObject
e: file:///D:/BikeMaster/android/app/src/main/java/com/bikemaster/tracking/BikeTrackingPlugin.kt:164:17 Unresolved reference: put
e: file:///D:/BikeMaster/android/app/src/main/java/com/bikemaster/ui/MainActivity.kt:4:12 Unresolved reference: getcapacitor
e: file:///D:/BikeMaster/android/app/src/main/java/com/bikemaster/ui/MainActivity.kt:6:22 Unresolved reference: BridgeActivity
e: file:///D:/BikeMaster/android/app/src/main/java/com/bikemaster/ui/MainActivity.kt:7:5 'onCreate' overrides nothing
e: file:///D:/BikeMaster/android/app/src/main/java/com/bikemaster/ui/MainActivity.kt:8:15 Unresolved reference: onCreate
e: file:///D:/BikeMaster/android/app/src/main/java/com/bikemaster/ui/settings/SettingsActivity.kt:15:15 Conflicting declarations: public companion object, public companion object
e: file:///D:/BikeMaster/android/app/src/main/java/com/bikemaster/ui/settings/SettingsActivity.kt:47:5 Only one companion object is allowed per class
e: file:///D:/BikeMaster/android/app/src/main/java/com/bikemaster/ui/settings/SettingsActivity.kt:47:15 Conflicting declarations: public companion object, public companion object
e: file:///D:/BikeMaster/android/app/src/main/java/com/bikemaster/ui/tracking/TrackingActivity.kt:174:44 Unresolved reference: notifyTrackingComplete

> Task :app:compileReleaseKotlin FAILED

FAILURE: Build failed with an exception.

* What went wrong:
Execution failed for task ':app:compileReleaseKotlin'.
> A failure occurred while executing org.jetbrains.kotlin.compilerRunner.GradleCompilerRunnerWithWorkers$GradleKotlinCompilerWorkAction
   > Compilation error. See log for more details

* Try:
> Run with --stacktrace option to get the stack trace.
> Run with --info or --debug option to get more log output.
> Run with --scan to get full insights.
> Get more help at https://help.gradle.org.

BUILD FAILED in 8m 33s
36 actionable tasks: 33 executed, 3 up-to-date
