{
  "timestamp": "2026-07-17T17:53:24.135507Z"
  "level": "INFO"
  "logger": "bikemaster.startup"
  "message": "Starting API + Dashboard on http://localhost:8000"
  "request_id": "-"
}
{
  "timestamp": "2026-07-17T17:54:01.399094Z"
  "level": "INFO"
  "logger": "bike_analyzer.backend.observability"
  "message": "No telemetry exporter configured - tracing disabled"
  "request_id": "-"
}
{
  "timestamp": "2026-07-17T17:54:01.400580Z"
  "level": "INFO"
  "logger": "bike_analyzer.backend.observability"
  "message": "Zipkin + Sentry correlation ready"
  "request_id": "-"
}
{
  "timestamp": "2026-07-17T17:54:02.698697Z"
  "level": "INFO"
  "logger": "uvicorn.error"
  "message": "Started server process [1892]"
  "request_id": "-"
  "extra": "{'color_message': 'Started server process [\x1b[36m%d\x1b[0m]'}"
}
{
  "timestamp": "2026-07-17T17:54:02.699243Z"
  "level": "INFO"
  "logger": "uvicorn.error"
  "message": "Waiting for application startup."
  "request_id": "-"
}
{
  "timestamp": "2026-07-17T17:54:06.081676Z"
  "level": "INFO"
  "logger": "alembic.runtime.plugins"
  "message": "setup plugin alembic.autogenerate.schemas"
  "request_id": "-"
}
{
  "timestamp": "2026-07-17T17:54:06.081882Z"
  "level": "INFO"
  "logger": "alembic.runtime.plugins"
  "message": "setup plugin alembic.autogenerate.tables"
  "request_id": "-"
}
{
  "timestamp": "2026-07-17T17:54:06.081991Z"
  "level": "INFO"
  "logger": "alembic.runtime.plugins"
  "message": "setup plugin alembic.autogenerate.types"
  "request_id": "-"
}
{
  "timestamp": "2026-07-17T17:54:06.082098Z"
  "level": "INFO"
  "logger": "alembic.runtime.plugins"
  "message": "setup plugin alembic.autogenerate.constraints"
  "request_id": "-"
}
{
  "timestamp": "2026-07-17T17:54:06.082217Z"
  "level": "INFO"
  "logger": "alembic.runtime.plugins"
  "message": "setup plugin alembic.autogenerate.defaults"
  "request_id": "-"
}
{
  "timestamp": "2026-07-17T17:54:06.082325Z"
  "level": "INFO"
  "logger": "alembic.runtime.plugins"
  "message": "setup plugin alembic.autogenerate.comments"
  "request_id": "-"
}
INFO  [alembic.runtime.migration] Context impl PostgresqlImpl.
INFO  [alembic.runtime.migration] Will assume transactional DDL.
