........................................................................ [  3%]
........................................................................ [  7%]
........................................................................ [ 11%]
........................................................................ [ 14%]
........F............................................................... [ 18%]
........................................................................ [ 22%]
........................................................................ [ 25%]
........................................................................ [ 29%]
........................................................................ [ 33%]
........................................................................ [ 37%]
........................................................................ [ 40%]
..................................FFFFFF................................ [ 44%]
........................................................................ [ 48%]
........................................................................ [ 51%]
........................................................................ [ 55%]
........................................................................ [ 59%]
........................................................................ [ 62%]
..........................................................FFFFF.FFFF..F. [ 66%]
...F.......................................................ss........... [ 70%]
........................................................................ [ 74%]
........................................................................ [ 77%]
........................................................................ [ 81%]
........................................................................ [ 85%]
........................................................................ [ 88%]
........................................................................ [ 92%]
.......................................FFFF............................. [ 96%]
.......................................................................{
  "timestamp": "2026-07-14T07:40:16.624392Z"
  "level": "ERROR"
  "logger": "opentelemetry.exporter.otlp.proto.grpc.exporter"
  "message": "Failed to export traces to localhost:4317, error code: StatusCode.UNAVAILABLE"
  "request_id": "-"
}
{
  "timestamp": "2026-07-14T07:40:16.655229Z"
  "level": "WARNING"
  "logger": "opentelemetry.exporter.otlp.proto.grpc.exporter"
  "message": "Transient error StatusCode.UNAVAILABLE encountered while exporting traces to localhost:4317, retrying in 1.09s."
  "request_id": "-"
}
{
  "timestamp": "2026-07-14T07:40:16.722351Z"
  "level": "ERROR"
  "logger": "opentelemetry.exporter.otlp.proto.grpc.exporter"
  "message": "Failed to export traces to localhost:4317, error code: StatusCode.UNAVAILABLE"
  "request_id": "-"
}
{
  "timestamp": "2026-07-14T07:40:16.751607Z"
  "level": "WARNING"
  "logger": "opentelemetry.exporter.otlp.proto.grpc.exporter"
  "message": "Transient error StatusCode.UNAVAILABLE encountered while exporting traces to localhost:4317, retrying in 2.20s."
  "request_id": "-"
}
{
  "timestamp": "2026-07-14T07:40:17.019526Z"
  "level": "ERROR"
  "logger": "opentelemetry.exporter.otlp.proto.grpc.exporter"
  "message": "Failed to export traces to localhost:4317, error code: StatusCode.UNAVAILABLE"
  "request_id": "-"
}
{
  "timestamp": "2026-07-14T07:40:17.112143Z"
  "level": "WARNING"
  "logger": "opentelemetry.exporter.otlp.proto.grpc.exporter"
  "message": "Transient error StatusCode.UNAVAILABLE encountered while exporting traces to localhost:4317, retrying in 4.39s."
  "request_id": "-"
}
{
  "timestamp": "2026-07-14T07:40:17.192061Z"
  "level": "ERROR"
  "logger": "opentelemetry.exporter.otlp.proto.grpc.exporter"
  "message": "Failed to export traces to localhost:4317, error code: StatusCode.UNAVAILABLE"
  "request_id": "-"
}
{
  "timestamp": "2026-07-14T07:40:17.192711Z"
  "level": "WARNING"
  "logger": "opentelemetry.exporter.otlp.proto.grpc.exporter"
  "message": "Transient error StatusCode.UNAVAILABLE encountered while exporting traces to localhost:4317, retrying in 1.77s."
  "request_id": "-"
}
{
  "timestamp": "2026-07-14T07:40:17.286925Z"
  "level": "ERROR"
  "logger": "opentelemetry.exporter.otlp.proto.grpc.exporter"
  "message": "Failed to export traces to localhost:4317, error code: StatusCode.UNAVAILABLE"
  "request_id": "-"
}
{
  "timestamp": "2026-07-14T07:40:17.301140Z"
  "level": "WARNING"
  "logger": "opentelemetry.exporter.otlp.proto.grpc.exporter"
  "message": "Transient error StatusCode.UNAVAILABLE encountered while exporting traces to localhost:4317, retrying in 2.35s."
  "request_id": "-"
}
{
  "timestamp": "2026-07-14T07:40:17.477268Z"
  "level": "ERROR"
  "logger": "opentelemetry.exporter.otlp.proto.grpc.exporter"
  "message": "Failed to export traces to localhost:4317, error code: StatusCode.UNAVAILABLE"
  "request_id": "-"
}
{
  "timestamp": "2026-07-14T07:40:17.524419Z"
  "level": "WARNING"
  "logger": "opentelemetry.exporter.otlp.proto.grpc.exporter"
  "message": "Transient error StatusCode.UNAVAILABLE encountered while exporting traces to localhost:4317, retrying in 4.67s."
  "request_id": "-"
}
{
  "timestamp": "2026-07-14T07:40:17.762126Z"
  "level": "ERROR"
  "logger": "opentelemetry.exporter.otlp.proto.grpc.exporter"
  "message": "Failed to export traces to localhost:4317, error code: StatusCode.UNAVAILABLE"
  "request_id": "-"
}
{
  "timestamp": "2026-07-14T07:40:17.763202Z"
  "level": "WARNING"
  "logger": "opentelemetry.exporter.otlp.proto.grpc.exporter"
  "message": "Transient error StatusCode.UNAVAILABLE encountered while exporting traces to localhost:4317, retrying in 1.75s."
  "request_id": "-"
}
{
  "timestamp": "2026-07-14T07:40:17.858964Z"
  "level": "ERROR"
  "logger": "opentelemetry.exporter.otlp.proto.grpc.exporter"
  "message": "Failed to export traces to localhost:4317, error code: StatusCode.UNAVAILABLE"
  "request_id": "-"
}
{
  "timestamp": "2026-07-14T07:40:17.860010Z"
  "level": "ERROR"
  "logger": "opentelemetry.exporter.otlp.proto.grpc.exporter"
  "message": "Failed to export traces to localhost:4317, error code: StatusCode.UNAVAILABLE"
  "request_id": "-"
}
{
  "timestamp": "2026-07-14T07:40:17.860478Z"
  "level": "WARNING"
  "logger": "opentelemetry.exporter.otlp.proto.grpc.exporter"
  "message": "Transient error StatusCode.UNAVAILABLE encountered while exporting traces to localhost:4317, retrying in 3.59s."
  "request_id": "-"
}
{
  "timestamp": "2026-07-14T07:40:17.919507Z"
  "level": "WARNING"
  "logger": "opentelemetry.exporter.otlp.proto.grpc.exporter"
  "message": "Transient error StatusCode.UNAVAILABLE encountered while exporting traces to localhost:4317, retrying in 1.91s."
  "request_id": "-"
}
{
  "timestamp": "2026-07-14T07:40:18.031862Z"
  "level": "ERROR"
  "logger": "opentelemetry.exporter.otlp.proto.grpc.exporter"
  "message": "Failed to export traces to localhost:4317, error code: StatusCode.UNAVAILABLE"
  "request_id": "-"
}
{
  "timestamp": "2026-07-14T07:40:18.092818Z"
  "level": "WARNING"
  "logger": "opentelemetry.exporter.otlp.proto.grpc.exporter"
  "message": "Transient error StatusCode.UNAVAILABLE encountered while exporting traces to localhost:4317, retrying in 3.92s."
  "request_id": "-"
}
{
  "timestamp": "2026-07-14T07:40:18.203548Z"
  "level": "ERROR"
  "logger": "opentelemetry.exporter.otlp.proto.grpc.exporter"
  "message": "Failed to export traces to localhost:4317, error code: StatusCode.UNAVAILABLE"
  "request_id": "-"
}
{
  "timestamp": "2026-07-14T07:40:18.253407Z"
  "level": "WARNING"
  "logger": "opentelemetry.exporter.otlp.proto.grpc.exporter"
  "message": "Transient error StatusCode.UNAVAILABLE encountered while exporting traces to localhost:4317, retrying in 4.54s."
  "request_id": "-"
}
{
  "timestamp": "2026-07-14T07:40:18.254500Z"
  "level": "ERROR"
  "logger": "opentelemetry.exporter.otlp.proto.grpc.exporter"
  "message": "Failed to export traces to localhost:4317, error code: StatusCode.UNAVAILABLE"
  "request_id": "-"
}
{
  "timestamp": "2026-07-14T07:40:18.406685Z"
  "level": "WARNING"
  "logger": "opentelemetry.exporter.otlp.proto.grpc.exporter"
  "message": "Transient error StatusCode.UNAVAILABLE encountered while exporting traces to localhost:4317, retrying in 4.35s."
  "request_id": "-"
}
{
  "timestamp": "2026-07-14T07:40:18.456577Z"
  "level": "ERROR"
  "logger": "opentelemetry.exporter.otlp.proto.grpc.exporter"
  "message": "Failed to export traces to localhost:4317, error code: StatusCode.UNAVAILABLE"
  "request_id": "-"
}
{
  "timestamp": "2026-07-14T07:40:18.457470Z"
  "level": "WARNING"
  "logger": "opentelemetry.exporter.otlp.proto.grpc.exporter"
  "message": "Transient error StatusCode.UNAVAILABLE encountered while exporting traces to localhost:4317, retrying in 4.39s."
  "request_id": "-"
}
{
  "timestamp": "2026-07-14T07:40:18.716291Z"
  "level": "ERROR"
  "logger": "opentelemetry.exporter.otlp.proto.grpc.exporter"
  "message": "Failed to export traces to localhost:4317, error code: StatusCode.UNAVAILABLE"
  "request_id": "-"
}
{
  "timestamp": "2026-07-14T07:40:18.837861Z"
  "level": "WARNING"
  "logger": "opentelemetry.exporter.otlp.proto.grpc.exporter"
  "message": "Transient error StatusCode.UNAVAILABLE encountered while exporting traces to localhost:4317, retrying in 4.08s."
  "request_id": "-"
}
{
  "timestamp": "2026-07-14T07:40:18.842450Z"
  "level": "ERROR"
  "logger": "opentelemetry.exporter.otlp.proto.grpc.exporter"
  "message": "Failed to export traces to localhost:4317, error code: StatusCode.UNAVAILABLE"
  "request_id": "-"
}
{
  "timestamp": "2026-07-14T07:40:19.035684Z"
  "level": "WARNING"
  "logger": "opentelemetry.exporter.otlp.proto.grpc.exporter"
  "message": "Transient error StatusCode.UNAVAILABLE encountered while exporting traces to localhost:4317, retrying in 4.30s."
  "request_id": "-"
}
{
  "timestamp": "2026-07-14T07:40:19.046595Z"
  "level": "WARNING"
  "logger": "opentelemetry.exporter.otlp.proto.grpc.exporter"
  "message": "Transient error StatusCode.UNAVAILABLE encountered while exporting traces to localhost:4317, retrying in 4.62s."
  "request_id": "-"
}
{
  "timestamp": "2026-07-14T07:40:19.047660Z"
  "level": "ERROR"
  "logger": "opentelemetry.exporter.otlp.proto.grpc.exporter"
  "message": "Failed to export traces to localhost:4317, error code: StatusCode.UNAVAILABLE"
  "request_id": "-"
}
{
  "timestamp": "2026-07-14T07:40:19.048367Z"
  "level": "ERROR"
  "logger": "opentelemetry.exporter.otlp.proto.grpc.exporter"
  "message": "Failed to export traces to localhost:4317, error code: StatusCode.UNAVAILABLE"
  "request_id": "-"
}
{
  "timestamp": "2026-07-14T07:40:19.212733Z"
  "level": "WARNING"
  "logger": "opentelemetry.exporter.otlp.proto.grpc.exporter"
  "message": "Transient error StatusCode.UNAVAILABLE encountered while exporting traces to localhost:4317, retrying in 3.48s."
  "request_id": "-"
}
{
  "timestamp": "2026-07-14T07:40:19.653963Z"
  "level": "ERROR"
  "logger": "opentelemetry.exporter.otlp.proto.grpc.exporter"
  "message": "Failed to export traces to localhost:4317, error code: StatusCode.UNAVAILABLE"
  "request_id": "-"
}
{
  "timestamp": "2026-07-14T07:40:19.677651Z"
  "level": "WARNING"
  "logger": "opentelemetry.exporter.otlp.proto.grpc.exporter"
  "message": "Transient error StatusCode.UNAVAILABLE encountered while exporting traces to localhost:4317, retrying in 4.57s."
  "request_id": "-"
}
{
  "timestamp": "2026-07-14T07:40:19.717770Z"
  "level": "ERROR"
  "logger": "opentelemetry.exporter.otlp.proto.grpc.exporter"
  "message": "Failed to export traces to localhost:4317, error code: StatusCode.UNAVAILABLE"
  "request_id": "-"
}
{
  "timestamp": "2026-07-14T07:40:19.795026Z"
  "level": "WARNING"
  "logger": "opentelemetry.exporter.otlp.proto.grpc.exporter"
  "message": "Transient error StatusCode.UNAVAILABLE encountered while exporting traces to localhost:4317, retrying in 3.77s."
  "request_id": "-"
}
{
  "timestamp": "2026-07-14T07:40:20.111768Z"
  "level": "ERROR"
  "logger": "opentelemetry.exporter.otlp.proto.grpc.exporter"
  "message": "Failed to export traces to localhost:4317, error code: StatusCode.UNAVAILABLE"
  "request_id": "-"
}
INTERNALERROR> Traceback (most recent call last):
INTERNALERROR>   File "C:\Python314\Lib\site-packages\_pytest\main.py", line 289, in wrap_session
INTERNALERROR>     session.exitstatus = doit(config, session) or 0
INTERNALERROR>                          ~~~~^^^^^^^^^^^^^^^^^
INTERNALERROR>   File "C:\Python314\Lib\site-packages\_pytest\main.py", line 343, in _main
INTERNALERROR>     config.hook.pytest_runtestloop(session=session)
INTERNALERROR>     ~~~~~~~~~~~~~~~~~~~~~~~~~~~~~~^^^^^^^^^^^^^^^^^
INTERNALERROR>   File "C:\Python314\Lib\site-packages\pluggy\_hooks.py", line 512, in __call__
INTERNALERROR>     return self._hookexec(self.name, self._hookimpls.copy(), kwargs, firstresult)
INTERNALERROR>            ~~~~~~~~~~~~~~^^^^^^^^^^^^^^^^^^^^^^^^^^^^^^^^^^^^^^^^^^^^^^^^^^^^^^^^
INTERNALERROR>   File "C:\Python314\Lib\site-packages\pluggy\_manager.py", line 120, in _hookexec
INTERNALERROR>     return self._inner_hookexec(hook_name, methods, kwargs, firstresult)
INTERNALERROR>            ~~~~~~~~~~~~~~~~~~~~^^^^^^^^^^^^^^^^^^^^^^^^^^^^^^^^^^^^^^^^^
INTERNALERROR>   File "C:\Python314\Lib\site-packages\pluggy\_callers.py", line 167, in _multicall
INTERNALERROR>     raise exception
INTERNALERROR>   File "C:\Python314\Lib\site-packages\pluggy\_callers.py", line 139, in _multicall
INTERNALERROR>     teardown.throw(exception)
INTERNALERROR>     ~~~~~~~~~~~~~~^^^^^^^^^^^
INTERNALERROR>   File "C:\Python314\Lib\site-packages\_pytest\logging.py", line 801, in pytest_runtestloop
INTERNALERROR>     return (yield)  # Run all the tests.
INTERNALERROR>             ^^^^^
INTERNALERROR>   File "C:\Python314\Lib\site-packages\pluggy\_callers.py", line 139, in _multicall
INTERNALERROR>     teardown.throw(exception)
INTERNALERROR>     ~~~~~~~~~~~~~~^^^^^^^^^^^
INTERNALERROR>   File "C:\Python314\Lib\site-packages\_pytest\terminal.py", line 688, in pytest_runtestloop
INTERNALERROR>     result = yield
INTERNALERROR>              ^^^^^
INTERNALERROR>   File "C:\Python314\Lib\site-packages\pluggy\_callers.py", line 152, in _multicall
INTERNALERROR>     teardown.send(result)
INTERNALERROR>     ~~~~~~~~~~~~~^^^^^^^^
INTERNALERROR>   File "C:\Python314\Lib\site-packages\pytest_cov\plugin.py", line 359, in pytest_runtestloop
INTERNALERROR>     self.cov_total = self.cov_controller.summary(self.cov_report)
INTERNALERROR>                      ~~~~~~~~~~~~~~~~~~~~~~~~~~~^^^^^^^^^^^^^^^^^
INTERNALERROR>   File "C:\Python314\Lib\site-packages\pytest_cov\engine.py", line 55, in ensure_topdir_wrapper
INTERNALERROR>     return meth(self, *args, **kwargs)
INTERNALERROR>   File "C:\Python314\Lib\site-packages\pytest_cov\engine.py", line 214, in summary
INTERNALERROR>     total = self.cov.xml_report(ignore_errors=True, outfile=output)
INTERNALERROR>   File "C:\Python314\Lib\site-packages\coverage\control.py", line 1293, in xml_report
INTERNALERROR>     return render_report(self.config.xml_output, XmlReporter(self), morfs, self._message)
INTERNALERROR>   File "C:\Python314\Lib\site-packages\coverage\report_core.py", line 54, in render_report
INTERNALERROR>     outfile = open(output_path, "w", encoding="utf-8")
INTERNALERROR> PermissionError: [Errno 13] Permission denied: 'coverage.xml'

22 failed, 1919 passed, 2 skipped, 14 warnings in 488.45s (0:08:08)
DONE_EXIT=3
