============================= test session starts =============================
platform win32 -- Python 3.14.0, pytest-8.4.2, pluggy-1.6.0 -- C:\Python314\python.exe
cachedir: .pytest_cache
benchmark: 5.2.3 (defaults: timer=time.perf_counter disable_gc=False min_rounds=5 min_time=0.000005 max_time=1.0 calibration_precision=10 warmup=False warmup_iterations=100000)
rootdir: D:\BikeMaster
configfile: pyproject.toml
plugins: anyio-4.13.0, dash-4.0.0, locust-2.43.3, asyncio-0.24.0, benchmark-5.2.3, cov-7.0.0, django-4.12.0, timeout-2.4.0, typeguard-2.13.3
asyncio: mode=Mode.STRICT, default_loop_scope=None
collecting ... collected 1 item

tests/test_ai_coach_api.py::test_coach_workout_endpoint FAILED           [100%]

================================== FAILURES ===================================
_________________________ test_coach_workout_endpoint _________________________

    def test_coach_workout_endpoint():
>       r = client.get("/api/v1/coach/workout")
            ^^^^^^^^^^^^^^^^^^^^^^^^^^^^^^^^^^^

tests\test_ai_coach_api.py:12: 
_ _ _ _ _ _ _ _ _ _ _ _ _ _ _ _ _ _ _ _ _ _ _ _ _ _ _ _ _ _ _ _ _ _ _ _ _ _ _ _

self = <starlette.testclient.TestClient object at 0x000002ACB2BAC050>
url = '/api/v1/coach/workout'

    def get(  # type: ignore[override]
        self,
        url: httpx._types.URLTypes,
        *,
        params: httpx._types.QueryParamTypes | None = None,
        headers: httpx._types.HeaderTypes | None = None,
        cookies: httpx._types.CookieTypes | None = None,
        auth: httpx._types.AuthTypes | httpx._client.UseClientDefault = httpx._client.USE_CLIENT_DEFAULT,
        follow_redirects: bool | httpx._client.UseClientDefault = httpx._client.USE_CLIENT_DEFAULT,
        timeout: httpx._types.TimeoutTypes | httpx._client.UseClientDefault = httpx._client.USE_CLIENT_DEFAULT,
        extensions: dict[str, Any] | None = None,
    ) -> httpx.Response:
>       return super().get(
            url,
            params=params,
            headers=headers,
            cookies=cookies,
            auth=auth,
            follow_redirects=follow_redirects,
            timeout=timeout,
            extensions=extensions,
        )

C:\Python314\Lib\site-packages\starlette\testclient.py:473: 
_ _ _ _ _ _ _ _ _ _ _ _ _ _ _ _ _ _ _ _ _ _ _ _ _ _ _ _ _ _ _ _ _ _ _ _ _ _ _ _

self = <starlette.testclient.TestClient object at 0x000002ACB2BAC050>
url = '/api/v1/coach/workout'

    def get(
        self,
        url: URL | str,
        *,
        params: QueryParamTypes | None = None,
        headers: HeaderTypes | None = None,
        cookies: CookieTypes | None = None,
        auth: AuthTypes | UseClientDefault | None = USE_CLIENT_DEFAULT,
        follow_redirects: bool | UseClientDefault = USE_CLIENT_DEFAULT,
        timeout: TimeoutTypes | UseClientDefault = USE_CLIENT_DEFAULT,
        extensions: RequestExtensions | None = None,
    ) -> Response:
        """
        Send a `GET` request.
    
        **Parameters**: See `httpx.request`.
        """
>       return self.request(
            "GET",
            url,
            params=params,
            headers=headers,
            cookies=cookies,
            auth=auth,
            follow_redirects=follow_redirects,
            timeout=timeout,
            extensions=extensions,
        )

C:\Python314\Lib\site-packages\httpx\_client.py:1053: 
_ _ _ _ _ _ _ _ _ _ _ _ _ _ _ _ _ _ _ _ _ _ _ _ _ _ _ _ _ _ _ _ _ _ _ _ _ _ _ _

self = <starlette.testclient.TestClient object at 0x000002ACB2BAC050>
method = 'GET', url = URL('http://testserver/api/v1/coach/workout')

    def request(  # type: ignore[override]
        self,
        method: str,
        url: httpx._types.URLTypes,
        *,
        content: httpx._types.RequestContent | None = None,
        data: _RequestData | None = None,
        files: httpx._types.RequestFiles | None = None,
        json: Any = None,
        params: httpx._types.QueryParamTypes | None = None,
        headers: httpx._types.HeaderTypes | None = None,
        cookies: httpx._types.CookieTypes | None = None,
        auth: httpx._types.AuthTypes | httpx._client.UseClientDefault = httpx._client.USE_CLIENT_DEFAULT,
        follow_redirects: bool | httpx._client.UseClientDefault = httpx._client.USE_CLIENT_DEFAULT,
        timeout: httpx._types.TimeoutTypes | httpx._client.UseClientDefault = httpx._client.USE_CLIENT_DEFAULT,
        extensions: dict[str, Any] | None = None,
    ) -> httpx.Response:
        if timeout is not httpx.USE_CLIENT_DEFAULT:
            warnings.warn(
                "You should not use the 'timeout' argument with the TestClient. "
                "See https://github.com/Kludex/starlette/issues/1108 for more information.",
                DeprecationWarning,
            )
        url = self._merge_url(url)
>       return super().request(
            method,
            url,
            content=content,
            data=data,
            files=files,
            json=json,
            params=params,
            headers=headers,
            cookies=cookies,
            auth=auth,
            follow_redirects=follow_redirects,
            timeout=timeout,
            extensions=extensions,
        )

C:\Python314\Lib\site-packages\starlette\testclient.py:445: 
_ _ _ _ _ _ _ _ _ _ _ _ _ _ _ _ _ _ _ _ _ _ _ _ _ _ _ _ _ _ _ _ _ _ _ _ _ _ _ _

self = <starlette.testclient.TestClient object at 0x000002ACB2BAC050>
method = 'GET', url = URL('http://testserver/api/v1/coach/workout')

    def request(
        self,
        method: str,
        url: URL | str,
        *,
        content: RequestContent | None = None,
        data: RequestData | None = None,
        files: RequestFiles | None = None,
        json: typing.Any | None = None,
        params: QueryParamTypes | None = None,
        headers: HeaderTypes | None = None,
        cookies: CookieTypes | None = None,
        auth: AuthTypes | UseClientDefault | None = USE_CLIENT_DEFAULT,
        follow_redirects: bool | UseClientDefault = USE_CLIENT_DEFAULT,
        timeout: TimeoutTypes | UseClientDefault = USE_CLIENT_DEFAULT,
        extensions: RequestExtensions | None = None,
    ) -> Response:
        """
        Build and send a request.
    
        Equivalent to:
    
        ```python
        request = client.build_request(...)
        response = client.send(request, ...)
        ```
    
        See `Client.build_request()`, `Client.send()` and
        [Merging of configuration][0] for how the various parameters
        are merged with client-level configuration.
    
        [0]: /advanced/clients/#merging-of-configuration
        """
        if cookies is not None:
            message = (
                "Setting per-request cookies=<...> is being deprecated, because "
                "the expected behaviour on cookie persistence is ambiguous. Set "
                "cookies directly on the client instance instead."
            )
            warnings.warn(message, DeprecationWarning, stacklevel=2)
    
        request = self.build_request(
            method=method,
            url=url,
            content=content,
            data=data,
            files=files,
            json=json,
            params=params,
            headers=headers,
            cookies=cookies,
            timeout=timeout,
            extensions=extensions,
        )
>       return self.send(request, auth=auth, follow_redirects=follow_redirects)
               ^^^^^^^^^^^^^^^^^^^^^^^^^^^^^^^^^^^^^^^^^^^^^^^^^^^^^^^^^^^^^^^^

C:\Python314\Lib\site-packages\httpx\_client.py:825: 
_ _ _ _ _ _ _ _ _ _ _ _ _ _ _ _ _ _ _ _ _ _ _ _ _ _ _ _ _ _ _ _ _ _ _ _ _ _ _ _

self = <starlette.testclient.TestClient object at 0x000002ACB2BAC050>
request = <Request('GET', 'http://testserver/api/v1/coach/workout')>

    def send(
        self,
        request: Request,
        *,
        stream: bool = False,
        auth: AuthTypes | UseClientDefault | None = USE_CLIENT_DEFAULT,
        follow_redirects: bool | UseClientDefault = USE_CLIENT_DEFAULT,
    ) -> Response:
        """
        Send a request.
    
        The request is sent as-is, unmodified.
    
        Typically you'll want to build one with `Client.build_request()`
        so that any client-level configuration is merged into the request,
        but passing an explicit `httpx.Request()` is supported as well.
    
        See also: [Request instances][0]
    
        [0]: /advanced/clients/#request-instances
        """
        if self._state == ClientState.CLOSED:
            raise RuntimeError("Cannot send a request, as the client has been closed.")
    
        self._state = ClientState.OPENED
        follow_redirects = (
            self.follow_redirects
            if isinstance(follow_redirects, UseClientDefault)
            else follow_redirects
        )
    
        self._set_timeout(request)
    
        auth = self._build_request_auth(request, auth)
    
>       response = self._send_handling_auth(
            request,
            auth=auth,
            follow_redirects=follow_redirects,
            history=[],
        )

C:\Python314\Lib\site-packages\httpx\_client.py:914: 
_ _ _ _ _ _ _ _ _ _ _ _ _ _ _ _ _ _ _ _ _ _ _ _ _ _ _ _ _ _ _ _ _ _ _ _ _ _ _ _

self = <starlette.testclient.TestClient object at 0x000002ACB2BAC050>
request = <Request('GET', 'http://testserver/api/v1/coach/workout')>
auth = <httpx.Auth object at 0x000002ACB2CB8590>, follow_redirects = True
history = []

    def _send_handling_auth(
        self,
        request: Request,
        auth: Auth,
        follow_redirects: bool,
        history: list[Response],
    ) -> Response:
        auth_flow = auth.sync_auth_flow(request)
        try:
            request = next(auth_flow)
    
            while True:
>               response = self._send_handling_redirects(
                    request,
                    follow_redirects=follow_redirects,
                    history=history,
                )

C:\Python314\Lib\site-packages\httpx\_client.py:942: 
_ _ _ _ _ _ _ _ _ _ _ _ _ _ _ _ _ _ _ _ _ _ _ _ _ _ _ _ _ _ _ _ _ _ _ _ _ _ _ _

self = <starlette.testclient.TestClient object at 0x000002ACB2BAC050>
request = <Request('GET', 'http://testserver/api/v1/coach/workout')>
follow_redirects = True, history = []

    def _send_handling_redirects(
        self,
        request: Request,
        follow_redirects: bool,
        history: list[Response],
    ) -> Response:
        while True:
            if len(history) > self.max_redirects:
                raise TooManyRedirects(
                    "Exceeded maximum allowed redirects.", request=request
                )
    
            for hook in self._event_hooks["request"]:
                hook(request)
    
>           response = self._send_single_request(request)
                       ^^^^^^^^^^^^^^^^^^^^^^^^^^^^^^^^^^

C:\Python314\Lib\site-packages\httpx\_client.py:979: 
_ _ _ _ _ _ _ _ _ _ _ _ _ _ _ _ _ _ _ _ _ _ _ _ _ _ _ _ _ _ _ _ _ _ _ _ _ _ _ _

self = <starlette.testclient.TestClient object at 0x000002ACB2BAC050>
request = <Request('GET', 'http://testserver/api/v1/coach/workout')>

    def _send_single_request(self, request: Request) -> Response:
        """
        Sends a single request, without handling any redirections.
        """
        transport = self._transport_for_url(request.url)
        start = time.perf_counter()
    
        if not isinstance(request.stream, SyncByteStream):
            raise RuntimeError(
                "Attempted to send an async request with a sync Client instance."
            )
    
        with request_context(request=request):
>           response = transport.handle_request(request)
                       ^^^^^^^^^^^^^^^^^^^^^^^^^^^^^^^^^

C:\Python314\Lib\site-packages\httpx\_client.py:1014: 
_ _ _ _ _ _ _ _ _ _ _ _ _ _ _ _ _ _ _ _ _ _ _ _ _ _ _ _ _ _ _ _ _ _ _ _ _ _ _ _

self = <starlette.testclient._TestClientTransport object at 0x000002ACB2BAC1A0>
request = <Request('GET', 'http://testserver/api/v1/coach/workout')>

    def handle_request(self, request: httpx.Request) -> httpx.Response:
        scheme = request.url.scheme
        netloc = request.url.netloc.decode(encoding="ascii")
        path = request.url.path
        raw_path = request.url.raw_path
        query = request.url.query.decode(encoding="ascii")
    
        default_port = {"http": 80, "ws": 80, "https": 443, "wss": 443}[scheme]
    
        if ":" in netloc:
            host, port_string = netloc.split(":", 1)
            port = int(port_string)
        else:
            host = netloc
            port = default_port
    
        # Include the 'host' header.
        if "host" in request.headers:
            headers: list[tuple[bytes, bytes]] = []
        elif port == default_port:  # pragma: no cover
            headers = [(b"host", host.encode())]
        else:  # pragma: no cover
            headers = [(b"host", (f"{host}:{port}").encode())]
    
        # Include other request headers.
        headers += [(key.lower().encode(), value.encode()) for key, value in request.headers.multi_items()]
    
        scope: dict[str, Any]
    
        if scheme in {"ws", "wss"}:
            subprotocol = request.headers.get("sec-websocket-protocol", None)
            if subprotocol is None:
                subprotocols: Sequence[str] = []
            else:
                subprotocols = [value.strip() for value in subprotocol.split(",")]
            scope = {
                "type": "websocket",
                "path": unquote(path),
                "raw_path": raw_path.split(b"?", 1)[0],
                "root_path": self.root_path,
                "scheme": scheme,
                "query_string": query.encode(),
                "headers": headers,
                "client": self.client,
                "server": [host, port],
                "subprotocols": subprotocols,
                "state": self.app_state.copy(),
                "extensions": {"websocket.http.response": {}},
            }
            session = WebSocketTestSession(self.app, scope, self.portal_factory)
            raise _Upgrade(session)
    
        scope = {
            "type": "http",
            "http_version": "1.1",
            "method": request.method,
            "path": unquote(path),
            "raw_path": raw_path.split(b"?", 1)[0],
            "root_path": self.root_path,
            "scheme": scheme,
            "query_string": query.encode(),
            "headers": headers,
            "client": self.client,
            "server": [host, port],
            "extensions": {"http.response.debug": {}},
            "state": self.app_state.copy(),
        }
    
        request_complete = False
        response_started = False
        response_complete: anyio.Event
        raw_kwargs: dict[str, Any] = {"stream": io.BytesIO()}
        template = None
        context = None
    
        async def receive() -> Message:
            nonlocal request_complete
    
            if request_complete:
                if not response_complete.is_set():
                    await response_complete.wait()
                return {"type": "http.disconnect"}
    
            body = request.read()
            if isinstance(body, str):
                body_bytes: bytes = body.encode("utf-8")  # pragma: no cover
            elif body is None:
                body_bytes = b""  # pragma: no cover
            elif isinstance(body, GeneratorType):
                try:  # pragma: no cover
                    chunk = body.send(None)
                    if isinstance(chunk, str):
                        chunk = chunk.encode("utf-8")
                    return {"type": "http.request", "body": chunk, "more_body": True}
                except StopIteration:  # pragma: no cover
                    request_complete = True
                    return {"type": "http.request", "body": b""}
            else:
                body_bytes = body
    
            request_complete = True
            return {"type": "http.request", "body": body_bytes}
    
        async def send(message: Message) -> None:
            nonlocal raw_kwargs, response_started, template, context
    
            if message["type"] == "http.response.start":
                assert not response_started, 'Received multiple "http.response.start" messages.'
                raw_kwargs["status_code"] = message["status"]
                raw_kwargs["headers"] = [(key.decode(), value.decode()) for key, value in message.get("headers", [])]
                response_started = True
            elif message["type"] == "http.response.body":
                assert response_started, 'Received "http.response.body" without "http.response.start".'
                assert not response_complete.is_set(), 'Received "http.response.body" after response completed.'
                body = message.get("body", b"")
                more_body = message.get("more_body", False)
                if request.method != "HEAD":
                    raw_kwargs["stream"].write(body)
                if not more_body:
                    raw_kwargs["stream"].seek(0)
                    response_complete.set()
            elif message["type"] == "http.response.debug":
                template = message["info"]["template"]
                context = message["info"]["context"]
    
        try:
            with self.portal_factory() as portal:
                response_complete = portal.call(anyio.Event)
                portal.call(self.app, scope, receive, send)
        except BaseException as exc:
            if self.raise_server_exceptions:
>               raise exc

C:\Python314\Lib\site-packages\starlette\testclient.py:348: 
_ _ _ _ _ _ _ _ _ _ _ _ _ _ _ _ _ _ _ _ _ _ _ _ _ _ _ _ _ _ _ _ _ _ _ _ _ _ _ _

self = <starlette.testclient._TestClientTransport object at 0x000002ACB2BAC1A0>
request = <Request('GET', 'http://testserver/api/v1/coach/workout')>

    def handle_request(self, request: httpx.Request) -> httpx.Response:
        scheme = request.url.scheme
        netloc = request.url.netloc.decode(encoding="ascii")
        path = request.url.path
        raw_path = request.url.raw_path
        query = request.url.query.decode(encoding="ascii")
    
        default_port = {"http": 80, "ws": 80, "https": 443, "wss": 443}[scheme]
    
        if ":" in netloc:
            host, port_string = netloc.split(":", 1)
            port = int(port_string)
        else:
            host = netloc
            port = default_port
    
        # Include the 'host' header.
        if "host" in request.headers:
            headers: list[tuple[bytes, bytes]] = []
        elif port == default_port:  # pragma: no cover
            headers = [(b"host", host.encode())]
        else:  # pragma: no cover
            headers = [(b"host", (f"{host}:{port}").encode())]
    
        # Include other request headers.
        headers += [(key.lower().encode(), value.encode()) for key, value in request.headers.multi_items()]
    
        scope: dict[str, Any]
    
        if scheme in {"ws", "wss"}:
            subprotocol = request.headers.get("sec-websocket-protocol", None)
            if subprotocol is None:
                subprotocols: Sequence[str] = []
            else:
                subprotocols = [value.strip() for value in subprotocol.split(",")]
            scope = {
                "type": "websocket",
                "path": unquote(path),
                "raw_path": raw_path.split(b"?", 1)[0],
                "root_path": self.root_path,
                "scheme": scheme,
                "query_string": query.encode(),
                "headers": headers,
                "client": self.client,
                "server": [host, port],
                "subprotocols": subprotocols,
                "state": self.app_state.copy(),
                "extensions": {"websocket.http.response": {}},
            }
            session = WebSocketTestSession(self.app, scope, self.portal_factory)
            raise _Upgrade(session)
    
        scope = {
            "type": "http",
            "http_version": "1.1",
            "method": request.method,
            "path": unquote(path),
            "raw_path": raw_path.split(b"?", 1)[0],
            "root_path": self.root_path,
            "scheme": scheme,
            "query_string": query.encode(),
            "headers": headers,
            "client": self.client,
            "server": [host, port],
            "extensions": {"http.response.debug": {}},
            "state": self.app_state.copy(),
        }
    
        request_complete = False
        response_started = False
        response_complete: anyio.Event
        raw_kwargs: dict[str, Any] = {"stream": io.BytesIO()}
        template = None
        context = None
    
        async def receive() -> Message:
            nonlocal request_complete
    
            if request_complete:
                if not response_complete.is_set():
                    await response_complete.wait()
                return {"type": "http.disconnect"}
    
            body = request.read()
            if isinstance(body, str):
                body_bytes: bytes = body.encode("utf-8")  # pragma: no cover
            elif body is None:
                body_bytes = b""  # pragma: no cover
            elif isinstance(body, GeneratorType):
                try:  # pragma: no cover
                    chunk = body.send(None)
                    if isinstance(chunk, str):
                        chunk = chunk.encode("utf-8")
                    return {"type": "http.request", "body": chunk, "more_body": True}
                except StopIteration:  # pragma: no cover
                    request_complete = True
                    return {"type": "http.request", "body": b""}
            else:
                body_bytes = body
    
            request_complete = True
            return {"type": "http.request", "body": body_bytes}
    
        async def send(message: Message) -> None:
            nonlocal raw_kwargs, response_started, template, context
    
            if message["type"] == "http.response.start":
                assert not response_started, 'Received multiple "http.response.start" messages.'
                raw_kwargs["status_code"] = message["status"]
                raw_kwargs["headers"] = [(key.decode(), value.decode()) for key, value in message.get("headers", [])]
                response_started = True
            elif message["type"] == "http.response.body":
                assert response_started, 'Received "http.response.body" without "http.response.start".'
                assert not response_complete.is_set(), 'Received "http.response.body" after response completed.'
                body = message.get("body", b"")
                more_body = message.get("more_body", False)
                if request.method != "HEAD":
                    raw_kwargs["stream"].write(body)
                if not more_body:
                    raw_kwargs["stream"].seek(0)
                    response_complete.set()
            elif message["type"] == "http.response.debug":
                template = message["info"]["template"]
                context = message["info"]["context"]
    
        try:
            with self.portal_factory() as portal:
                response_complete = portal.call(anyio.Event)
>               portal.call(self.app, scope, receive, send)

C:\Python314\Lib\site-packages\starlette\testclient.py:345: 
_ _ _ _ _ _ _ _ _ _ _ _ _ _ _ _ _ _ _ _ _ _ _ _ _ _ _ _ _ _ _ _ _ _ _ _ _ _ _ _

self = <anyio.from_thread.BlockingPortal object at 0x000002ACB2CB8D70>
func = <fastapi.applications.FastAPI object at 0x000002ACB2AEB4D0>
args = ({'app': <fastapi.applications.FastAPI object at 0x000002ACB2AEB4D0>, 'client': ('testclient', 50000), 'endpoint': <fu...ls>.receive at 0x000002ACB2C19C70>, <function _TestClientTransport.handle_request.<locals>.send at 0x000002ACB2C1A350>)

    def call(
        self,
        func: Callable[[Unpack[PosArgsT]], Awaitable[T_Retval] | T_Retval],
        *args: Unpack[PosArgsT],
    ) -> T_Retval:
        """
        Call the given function in the event loop thread.
    
        If the callable returns a coroutine object, it is awaited on.
    
        :param func: any callable
        :raises RuntimeError: if the portal is not running or if this method is called
            from within the event loop thread
    
        """
>       return cast(T_Retval, self.start_task_soon(func, *args).result())
                              ^^^^^^^^^^^^^^^^^^^^^^^^^^^^^^^^^^^^^^^^^^

C:\Python314\Lib\site-packages\anyio\from_thread.py:334: 
_ _ _ _ _ _ _ _ _ _ _ _ _ _ _ _ _ _ _ _ _ _ _ _ _ _ _ _ _ _ _ _ _ _ _ _ _ _ _ _

self = None, timeout = None

    def result(self, timeout=None):
        """Return the result of the call that the future represents.
    
        Args:
            timeout: The number of seconds to wait for the result if the future
                isn't done. If None, then there is no limit on the wait time.
    
        Returns:
            The result of the call that the future represents.
    
        Raises:
            CancelledError: If the future was cancelled.
            TimeoutError: If the future didn't finish executing before the given
                timeout.
            Exception: If the call raised then that exception will be raised.
        """
        try:
            with self._condition:
                if self._state in [CANCELLED, CANCELLED_AND_NOTIFIED]:
                    raise CancelledError()
                elif self._state == FINISHED:
                    return self.__get_result()
    
                self._condition.wait(timeout)
    
                if self._state in [CANCELLED, CANCELLED_AND_NOTIFIED]:
                    raise CancelledError()
                elif self._state == FINISHED:
>                   return self.__get_result()
                           ^^^^^^^^^^^^^^^^^^^

C:\Python314\Lib\concurrent\futures\_base.py:450: 
_ _ _ _ _ _ _ _ _ _ _ _ _ _ _ _ _ _ _ _ _ _ _ _ _ _ _ _ _ _ _ _ _ _ _ _ _ _ _ _

self = None

    def __get_result(self):
        if self._exception is not None:
            try:
>               raise self._exception

C:\Python314\Lib\concurrent\futures\_base.py:395: 
_ _ _ _ _ _ _ _ _ _ _ _ _ _ _ _ _ _ _ _ _ _ _ _ _ _ _ _ _ _ _ _ _ _ _ _ _ _ _ _

self = <anyio.from_thread.BlockingPortal object at 0x000002ACB2CB8D70>
func = <fastapi.applications.FastAPI object at 0x000002ACB2AEB4D0>
args = ({'app': <fastapi.applications.FastAPI object at 0x000002ACB2AEB4D0>, 'client': ('testclient', 50000), 'endpoint': <fu...ls>.receive at 0x000002ACB2C19C70>, <function _TestClientTransport.handle_request.<locals>.send at 0x000002ACB2C1A350>)
kwargs = {}
future = <Future at 0x2acb2abd810 state=finished raised ImportError>

    async def _call_func(
        self,
        func: Callable[[Unpack[PosArgsT]], Awaitable[T_Retval] | T_Retval],
        args: tuple[Unpack[PosArgsT]],
        kwargs: dict[str, Any],
        future: Future[T_Retval],
    ) -> None:
        def callback(f: Future[T_Retval]) -> None:
            if f.cancelled():
                if self._event_loop_thread_id == get_ident():
                    scope.cancel("the future was cancelled")
                elif self._event_loop_thread_id is not None:
                    self.call(scope.cancel, "the future was cancelled")
    
        try:
            retval_or_awaitable = func(*args, **kwargs)
            if isawaitable(retval_or_awaitable):
                with CancelScope() as scope:
                    future.add_done_callback(callback)
>                   retval = await retval_or_awaitable
                             ^^^^^^^^^^^^^^^^^^^^^^^^^

C:\Python314\Lib\site-packages\anyio\from_thread.py:259: 
_ _ _ _ _ _ _ _ _ _ _ _ _ _ _ _ _ _ _ _ _ _ _ _ _ _ _ _ _ _ _ _ _ _ _ _ _ _ _ _

self = <fastapi.applications.FastAPI object at 0x000002ACB2AEB4D0>
scope = {'app': <fastapi.applications.FastAPI object at 0x000002ACB2AEB4D0>, 'client': ('testclient', 50000), 'endpoint': <function workout_recommendations at 0x000002ACB2B03CC0>, 'extensions': {'http.response.debug': {}}, ...}
receive = <function _TestClientTransport.handle_request.<locals>.receive at 0x000002ACB2C19C70>
send = <function _TestClientTransport.handle_request.<locals>.send at 0x000002ACB2C1A350>

    async def __call__(self, scope: Scope, receive: Receive, send: Send) -> None:
        if self.root_path:
            scope["root_path"] = self.root_path
>       await super().__call__(scope, receive, send)

C:\Python314\Lib\site-packages\fastapi\applications.py:1159: 
_ _ _ _ _ _ _ _ _ _ _ _ _ _ _ _ _ _ _ _ _ _ _ _ _ _ _ _ _ _ _ _ _ _ _ _ _ _ _ _

self = <fastapi.applications.FastAPI object at 0x000002ACB2AEB4D0>
scope = {'app': <fastapi.applications.FastAPI object at 0x000002ACB2AEB4D0>, 'client': ('testclient', 50000), 'endpoint': <function workout_recommendations at 0x000002ACB2B03CC0>, 'extensions': {'http.response.debug': {}}, ...}
receive = <function _TestClientTransport.handle_request.<locals>.receive at 0x000002ACB2C19C70>
send = <function _TestClientTransport.handle_request.<locals>.send at 0x000002ACB2C1A350>

    async def __call__(self, scope: Scope, receive: Receive, send: Send) -> None:
        scope["app"] = self
        if self.middleware_stack is None:
            self.middleware_stack = self.build_middleware_stack()
>       await self.middleware_stack(scope, receive, send)

C:\Python314\Lib\site-packages\starlette\applications.py:107: 
_ _ _ _ _ _ _ _ _ _ _ _ _ _ _ _ _ _ _ _ _ _ _ _ _ _ _ _ _ _ _ _ _ _ _ _ _ _ _ _

self = <starlette.middleware.errors.ServerErrorMiddleware object at 0x000002ACB2CB97F0>
scope = {'app': <fastapi.applications.FastAPI object at 0x000002ACB2AEB4D0>, 'client': ('testclient', 50000), 'endpoint': <function workout_recommendations at 0x000002ACB2B03CC0>, 'extensions': {'http.response.debug': {}}, ...}
receive = <function _TestClientTransport.handle_request.<locals>.receive at 0x000002ACB2C19C70>
send = <function _TestClientTransport.handle_request.<locals>.send at 0x000002ACB2C1A350>

    async def __call__(self, scope: Scope, receive: Receive, send: Send) -> None:
        if scope["type"] != "http":
            await self.app(scope, receive, send)
            return
    
        response_started = False
    
        async def _send(message: Message) -> None:
            nonlocal response_started, send
    
            if message["type"] == "http.response.start":
                response_started = True
            await send(message)
    
        try:
            await self.app(scope, receive, _send)
        except Exception as exc:
            request = Request(scope)
            if self.debug:
                # In debug mode, return traceback responses.
                response = self.debug_response(request, exc)
            elif self.handler is None:
                # Use our default 500 error handler.
                response = self.error_response(request, exc)
            else:
                # Use an installed 500 error handler.
                if is_async_callable(self.handler):
                    response = await self.handler(request, exc)
                else:
                    response = await run_in_threadpool(self.handler, request, exc)
    
            if not response_started:
                await response(scope, receive, send)
    
            # We always continue to raise the exception.
            # This allows servers to log the error, or allows test clients
            # to optionally raise the error within the test case.
>           raise exc

C:\Python314\Lib\site-packages\starlette\middleware\errors.py:186: 
_ _ _ _ _ _ _ _ _ _ _ _ _ _ _ _ _ _ _ _ _ _ _ _ _ _ _ _ _ _ _ _ _ _ _ _ _ _ _ _

self = <starlette.middleware.errors.ServerErrorMiddleware object at 0x000002ACB2CB97F0>
scope = {'app': <fastapi.applications.FastAPI object at 0x000002ACB2AEB4D0>, 'client': ('testclient', 50000), 'endpoint': <function workout_recommendations at 0x000002ACB2B03CC0>, 'extensions': {'http.response.debug': {}}, ...}
receive = <function _TestClientTransport.handle_request.<locals>.receive at 0x000002ACB2C19C70>
send = <function _TestClientTransport.handle_request.<locals>.send at 0x000002ACB2C1A350>

    async def __call__(self, scope: Scope, receive: Receive, send: Send) -> None:
        if scope["type"] != "http":
            await self.app(scope, receive, send)
            return
    
        response_started = False
    
        async def _send(message: Message) -> None:
            nonlocal response_started, send
    
            if message["type"] == "http.response.start":
                response_started = True
            await send(message)
    
        try:
>           await self.app(scope, receive, _send)

C:\Python314\Lib\site-packages\starlette\middleware\errors.py:164: 
_ _ _ _ _ _ _ _ _ _ _ _ _ _ _ _ _ _ _ _ _ _ _ _ _ _ _ _ _ _ _ _ _ _ _ _ _ _ _ _

self = <starlette.middleware.cors.CORSMiddleware object at 0x000002ACB2CB96A0>
scope = {'app': <fastapi.applications.FastAPI object at 0x000002ACB2AEB4D0>, 'client': ('testclient', 50000), 'endpoint': <function workout_recommendations at 0x000002ACB2B03CC0>, 'extensions': {'http.response.debug': {}}, ...}
receive = <function _TestClientTransport.handle_request.<locals>.receive at 0x000002ACB2C19C70>
send = <function ServerErrorMiddleware.__call__.<locals>._send at 0x000002ACB2C1AF00>

    async def __call__(self, scope: Scope, receive: Receive, send: Send) -> None:
        if scope["type"] != "http":  # pragma: no cover
            await self.app(scope, receive, send)
            return
    
        method = scope["method"]
        headers = Headers(scope=scope)
        origin = headers.get("origin")
    
        if origin is None:
>           await self.app(scope, receive, send)

C:\Python314\Lib\site-packages\starlette\middleware\cors.py:87: 
_ _ _ _ _ _ _ _ _ _ _ _ _ _ _ _ _ _ _ _ _ _ _ _ _ _ _ _ _ _ _ _ _ _ _ _ _ _ _ _

self = <starlette.middleware.exceptions.ExceptionMiddleware object at 0x000002ACB2CB9550>
scope = {'app': <fastapi.applications.FastAPI object at 0x000002ACB2AEB4D0>, 'client': ('testclient', 50000), 'endpoint': <function workout_recommendations at 0x000002ACB2B03CC0>, 'extensions': {'http.response.debug': {}}, ...}
receive = <function _TestClientTransport.handle_request.<locals>.receive at 0x000002ACB2C19C70>
send = <function ServerErrorMiddleware.__call__.<locals>._send at 0x000002ACB2C1AF00>

    async def __call__(self, scope: Scope, receive: Receive, send: Send) -> None:
        if scope["type"] not in ("http", "websocket"):
            await self.app(scope, receive, send)
            return
    
        scope["starlette.exception_handlers"] = (
            self._exception_handlers,
            self._status_handlers,
        )
    
        conn: Request | WebSocket
        if scope["type"] == "http":
            conn = Request(scope, receive, send)
        else:
            conn = WebSocket(scope, receive, send)
    
>       await wrap_app_handling_exceptions(self.app, conn)(scope, receive, send)

C:\Python314\Lib\site-packages\starlette\middleware\exceptions.py:63: 
_ _ _ _ _ _ _ _ _ _ _ _ _ _ _ _ _ _ _ _ _ _ _ _ _ _ _ _ _ _ _ _ _ _ _ _ _ _ _ _

scope = {'app': <fastapi.applications.FastAPI object at 0x000002ACB2AEB4D0>, 'client': ('testclient', 50000), 'endpoint': <function workout_recommendations at 0x000002ACB2B03CC0>, 'extensions': {'http.response.debug': {}}, ...}
receive = <function _TestClientTransport.handle_request.<locals>.receive at 0x000002ACB2C19C70>
send = <function ServerErrorMiddleware.__call__.<locals>._send at 0x000002ACB2C1AF00>

    async def wrapped_app(scope: Scope, receive: Receive, send: Send) -> None:
        response_started = False
    
        async def sender(message: Message) -> None:
            nonlocal response_started
    
            if message["type"] == "http.response.start":
                response_started = True
            await send(message)
    
        try:
            await app(scope, receive, sender)
        except Exception as exc:
            handler = None
    
            if isinstance(exc, HTTPException):
                handler = status_handlers.get(exc.status_code)
    
            if handler is None:
                handler = _lookup_exception_handler(exception_handlers, exc)
    
            if handler is None:
>               raise exc

C:\Python314\Lib\site-packages\starlette\_exception_handler.py:53: 
_ _ _ _ _ _ _ _ _ _ _ _ _ _ _ _ _ _ _ _ _ _ _ _ _ _ _ _ _ _ _ _ _ _ _ _ _ _ _ _

scope = {'app': <fastapi.applications.FastAPI object at 0x000002ACB2AEB4D0>, 'client': ('testclient', 50000), 'endpoint': <function workout_recommendations at 0x000002ACB2B03CC0>, 'extensions': {'http.response.debug': {}}, ...}
receive = <function _TestClientTransport.handle_request.<locals>.receive at 0x000002ACB2C19C70>
send = <function ServerErrorMiddleware.__call__.<locals>._send at 0x000002ACB2C1AF00>

    async def wrapped_app(scope: Scope, receive: Receive, send: Send) -> None:
        response_started = False
    
        async def sender(message: Message) -> None:
            nonlocal response_started
    
            if message["type"] == "http.response.start":
                response_started = True
            await send(message)
    
        try:
>           await app(scope, receive, sender)

C:\Python314\Lib\site-packages\starlette\_exception_handler.py:42: 
_ _ _ _ _ _ _ _ _ _ _ _ _ _ _ _ _ _ _ _ _ _ _ _ _ _ _ _ _ _ _ _ _ _ _ _ _ _ _ _

self = <fastapi.middleware.asyncexitstack.AsyncExitStackMiddleware object at 0x000002ACB2CB9400>
scope = {'app': <fastapi.applications.FastAPI object at 0x000002ACB2AEB4D0>, 'client': ('testclient', 50000), 'endpoint': <function workout_recommendations at 0x000002ACB2B03CC0>, 'extensions': {'http.response.debug': {}}, ...}
receive = <function _TestClientTransport.handle_request.<locals>.receive at 0x000002ACB2C19C70>
send = <function wrap_app_handling_exceptions.<locals>.wrapped_app.<locals>.sender at 0x000002ACB2C1B1C0>

    async def __call__(self, scope: Scope, receive: Receive, send: Send) -> None:
        async with AsyncExitStack() as stack:
            scope[self.context_name] = stack
>           await self.app(scope, receive, send)

C:\Python314\Lib\site-packages\fastapi\middleware\asyncexitstack.py:18: 
_ _ _ _ _ _ _ _ _ _ _ _ _ _ _ _ _ _ _ _ _ _ _ _ _ _ _ _ _ _ _ _ _ _ _ _ _ _ _ _

self = <fastapi.routing.APIRouter object at 0x000002ACB2B3D590>
scope = {'app': <fastapi.applications.FastAPI object at 0x000002ACB2AEB4D0>, 'client': ('testclient', 50000), 'endpoint': <function workout_recommendations at 0x000002ACB2B03CC0>, 'extensions': {'http.response.debug': {}}, ...}
receive = <function _TestClientTransport.handle_request.<locals>.receive at 0x000002ACB2C19C70>
send = <function wrap_app_handling_exceptions.<locals>.wrapped_app.<locals>.sender at 0x000002ACB2C1B1C0>

    async def __call__(self, scope: Scope, receive: Receive, send: Send) -> None:
        """
        The main entry point to the Router class.
        """
>       await self.middleware_stack(scope, receive, send)

C:\Python314\Lib\site-packages\starlette\routing.py:716: 
_ _ _ _ _ _ _ _ _ _ _ _ _ _ _ _ _ _ _ _ _ _ _ _ _ _ _ _ _ _ _ _ _ _ _ _ _ _ _ _

self = <fastapi.routing.APIRouter object at 0x000002ACB2B3D590>
scope = {'app': <fastapi.applications.FastAPI object at 0x000002ACB2AEB4D0>, 'client': ('testclient', 50000), 'endpoint': <function workout_recommendations at 0x000002ACB2B03CC0>, 'extensions': {'http.response.debug': {}}, ...}
receive = <function _TestClientTransport.handle_request.<locals>.receive at 0x000002ACB2C19C70>
send = <function wrap_app_handling_exceptions.<locals>.wrapped_app.<locals>.sender at 0x000002ACB2C1B1C0>

    async def app(self, scope: Scope, receive: Receive, send: Send) -> None:
        assert scope["type"] in ("http", "websocket", "lifespan")
    
        if "router" not in scope:
            scope["router"] = self
    
        if scope["type"] == "lifespan":
            await self.lifespan(scope, receive, send)
            return
    
        partial = None
    
        for route in self.routes:
            # Determine if any route matches the incoming scope,
            # and hand over to the matching route if found.
            match, child_scope = route.matches(scope)
            if match == Match.FULL:
                scope.update(child_scope)
>               await route.handle(scope, receive, send)

C:\Python314\Lib\site-packages\starlette\routing.py:736: 
_ _ _ _ _ _ _ _ _ _ _ _ _ _ _ _ _ _ _ _ _ _ _ _ _ _ _ _ _ _ _ _ _ _ _ _ _ _ _ _

self = APIRoute(path='/api/v1/coach/workout', name='workout_recommendations', methods=['GET'])
scope = {'app': <fastapi.applications.FastAPI object at 0x000002ACB2AEB4D0>, 'client': ('testclient', 50000), 'endpoint': <function workout_recommendations at 0x000002ACB2B03CC0>, 'extensions': {'http.response.debug': {}}, ...}
receive = <function _TestClientTransport.handle_request.<locals>.receive at 0x000002ACB2C19C70>
send = <function wrap_app_handling_exceptions.<locals>.wrapped_app.<locals>.sender at 0x000002ACB2C1B1C0>

    async def handle(self, scope: Scope, receive: Receive, send: Send) -> None:
        if self.methods and scope["method"] not in self.methods:
            headers = {"Allow": ", ".join(self.methods)}
            if "app" in scope:
                raise HTTPException(status_code=405, headers=headers)
            else:
                response = PlainTextResponse("Method Not Allowed", status_code=405, headers=headers)
            await response(scope, receive, send)
        else:
>           await self.app(scope, receive, send)

C:\Python314\Lib\site-packages\starlette\routing.py:290: 
_ _ _ _ _ _ _ _ _ _ _ _ _ _ _ _ _ _ _ _ _ _ _ _ _ _ _ _ _ _ _ _ _ _ _ _ _ _ _ _

scope = {'app': <fastapi.applications.FastAPI object at 0x000002ACB2AEB4D0>, 'client': ('testclient', 50000), 'endpoint': <function workout_recommendations at 0x000002ACB2B03CC0>, 'extensions': {'http.response.debug': {}}, ...}
receive = <function _TestClientTransport.handle_request.<locals>.receive at 0x000002ACB2C19C70>
send = <function wrap_app_handling_exceptions.<locals>.wrapped_app.<locals>.sender at 0x000002ACB2C1B1C0>

    async def app(scope: Scope, receive: Receive, send: Send) -> None:
        request = Request(scope, receive, send)
    
        async def app(scope: Scope, receive: Receive, send: Send) -> None:
            # Starts customization
            response_awaited = False
            async with AsyncExitStack() as request_stack:
                scope["fastapi_inner_astack"] = request_stack
                async with AsyncExitStack() as function_stack:
                    scope["fastapi_function_astack"] = function_stack
                    response = await f(request)
                await response(scope, receive, send)
                # Continues customization
                response_awaited = True
            if not response_awaited:
                raise FastAPIError(
                    "Response not awaited. There's a high chance that the "
                    "application code is raising an exception and a dependency with yield "
                    "has a block with a bare except, or a block with except Exception, "
                    "and is not raising the exception again. Read more about it in the "
                    "docs: https://fastapi.tiangolo.com/tutorial/dependencies/dependencies-with-yield/#dependencies-with-yield-and-except"
                )
    
        # Same as in Starlette
>       await wrap_app_handling_exceptions(app, request)(scope, receive, send)

C:\Python314\Lib\site-packages\fastapi\routing.py:134: 
_ _ _ _ _ _ _ _ _ _ _ _ _ _ _ _ _ _ _ _ _ _ _ _ _ _ _ _ _ _ _ _ _ _ _ _ _ _ _ _

scope = {'app': <fastapi.applications.FastAPI object at 0x000002ACB2AEB4D0>, 'client': ('testclient', 50000), 'endpoint': <function workout_recommendations at 0x000002ACB2B03CC0>, 'extensions': {'http.response.debug': {}}, ...}
receive = <function _TestClientTransport.handle_request.<locals>.receive at 0x000002ACB2C19C70>
send = <function wrap_app_handling_exceptions.<locals>.wrapped_app.<locals>.sender at 0x000002ACB2C1B1C0>

    async def wrapped_app(scope: Scope, receive: Receive, send: Send) -> None:
        response_started = False
    
        async def sender(message: Message) -> None:
            nonlocal response_started
    
            if message["type"] == "http.response.start":
                response_started = True
            await send(message)
    
        try:
            await app(scope, receive, sender)
        except Exception as exc:
            handler = None
    
            if isinstance(exc, HTTPException):
                handler = status_handlers.get(exc.status_code)
    
            if handler is None:
                handler = _lookup_exception_handler(exception_handlers, exc)
    
            if handler is None:
>               raise exc

C:\Python314\Lib\site-packages\starlette\_exception_handler.py:53: 
_ _ _ _ _ _ _ _ _ _ _ _ _ _ _ _ _ _ _ _ _ _ _ _ _ _ _ _ _ _ _ _ _ _ _ _ _ _ _ _

scope = {'app': <fastapi.applications.FastAPI object at 0x000002ACB2AEB4D0>, 'client': ('testclient', 50000), 'endpoint': <function workout_recommendations at 0x000002ACB2B03CC0>, 'extensions': {'http.response.debug': {}}, ...}
receive = <function _TestClientTransport.handle_request.<locals>.receive at 0x000002ACB2C19C70>
send = <function wrap_app_handling_exceptions.<locals>.wrapped_app.<locals>.sender at 0x000002ACB2C1B1C0>

    async def wrapped_app(scope: Scope, receive: Receive, send: Send) -> None:
        response_started = False
    
        async def sender(message: Message) -> None:
            nonlocal response_started
    
            if message["type"] == "http.response.start":
                response_started = True
            await send(message)
    
        try:
>           await app(scope, receive, sender)

C:\Python314\Lib\site-packages\starlette\_exception_handler.py:42: 
_ _ _ _ _ _ _ _ _ _ _ _ _ _ _ _ _ _ _ _ _ _ _ _ _ _ _ _ _ _ _ _ _ _ _ _ _ _ _ _

scope = {'app': <fastapi.applications.FastAPI object at 0x000002ACB2AEB4D0>, 'client': ('testclient', 50000), 'endpoint': <function workout_recommendations at 0x000002ACB2B03CC0>, 'extensions': {'http.response.debug': {}}, ...}
receive = <function _TestClientTransport.handle_request.<locals>.receive at 0x000002ACB2C19C70>
send = <function wrap_app_handling_exceptions.<locals>.wrapped_app.<locals>.sender at 0x000002ACB2C1B5E0>

    async def app(scope: Scope, receive: Receive, send: Send) -> None:
        # Starts customization
        response_awaited = False
        async with AsyncExitStack() as request_stack:
            scope["fastapi_inner_astack"] = request_stack
            async with AsyncExitStack() as function_stack:
                scope["fastapi_function_astack"] = function_stack
>               response = await f(request)
                           ^^^^^^^^^^^^^^^^

C:\Python314\Lib\site-packages\fastapi\routing.py:120: 
_ _ _ _ _ _ _ _ _ _ _ _ _ _ _ _ _ _ _ _ _ _ _ _ _ _ _ _ _ _ _ _ _ _ _ _ _ _ _ _

request = <starlette.requests.Request object at 0x000002ACB2BA60D0>

    async def app(request: Request) -> Response:
        response: Response | None = None
        file_stack = request.scope.get("fastapi_middleware_astack")
        assert isinstance(file_stack, AsyncExitStack), (
            "fastapi_middleware_astack not found in request scope"
        )
    
        # Extract endpoint context for error messages
        endpoint_ctx = (
            _extract_endpoint_context(dependant.call)
            if dependant.call
            else EndpointContext()
        )
    
        if dependant.path:
            # For mounted sub-apps, include the mount path prefix
            mount_path = request.scope.get("root_path", "").rstrip("/")
            endpoint_ctx["path"] = f"{request.method} {mount_path}{dependant.path}"
    
        # Read body and auto-close files
        try:
            body: Any = None
            if body_field:
                if is_body_form:
                    body = await request.form()
                    file_stack.push_async_callback(body.close)
                else:
                    body_bytes = await request.body()
                    if body_bytes:
                        json_body: Any = Undefined
                        content_type_value = request.headers.get("content-type")
                        if not content_type_value:
                            if not actual_strict_content_type:
                                json_body = await request.json()
                        else:
                            message = email.message.Message()
                            message["content-type"] = content_type_value
                            if message.get_content_maintype() == "application":
                                subtype = message.get_content_subtype()
                                if subtype == "json" or subtype.endswith("+json"):
                                    json_body = await request.json()
                        if json_body != Undefined:
                            body = json_body
                        else:
                            body = body_bytes
        except json.JSONDecodeError as e:
            validation_error = RequestValidationError(
                [
                    {
                        "type": "json_invalid",
                        "loc": ("body", e.pos),
                        "msg": "JSON decode error",
                        "input": {},
                        "ctx": {"error": e.msg},
                    }
                ],
                body=e.doc,
                endpoint_ctx=endpoint_ctx,
            )
            raise validation_error from e
        except HTTPException:
            # If a middleware raises an HTTPException, it should be raised again
            raise
        except Exception as e:
            http_error = HTTPException(
                status_code=400, detail="There was an error parsing the body"
            )
            raise http_error from e
    
        # Solve dependencies and run path operation function, auto-closing dependencies
        errors: list[Any] = []
        async_exit_stack = request.scope.get("fastapi_inner_astack")
        assert isinstance(async_exit_stack, AsyncExitStack), (
            "fastapi_inner_astack not found in request scope"
        )
        solved_result = await solve_dependencies(
            request=request,
            dependant=dependant,
            body=cast(dict[str, Any] | FormData | bytes | None, body),
            dependency_overrides_provider=dependency_overrides_provider,
            async_exit_stack=async_exit_stack,
            embed_body_fields=embed_body_fields,
        )
        errors = solved_result.errors
        assert dependant.call  # For types
        if not errors:
            # Shared serializer for stream items (JSONL and SSE).
            # Validates against stream_item_field when set, then
            # serializes to JSON bytes.
            def _serialize_data(data: Any) -> bytes:
                if stream_item_field:
                    value, errors_ = stream_item_field.validate(
                        data, {}, loc=("response",)
                    )
                    if errors_:
                        ctx = endpoint_ctx or EndpointContext()
                        raise ResponseValidationError(
                            errors=errors_,
                            body=data,
                            endpoint_ctx=ctx,
                        )
                    return stream_item_field.serialize_json(
                        value,
                        include=response_model_include,
                        exclude=response_model_exclude,
                        by_alias=response_model_by_alias,
                        exclude_unset=response_model_exclude_unset,
                        exclude_defaults=response_model_exclude_defaults,
                        exclude_none=response_model_exclude_none,
                    )
                else:
                    data = jsonable_encoder(data)
                    return json.dumps(data).encode("utf-8")
    
            if is_sse_stream:
                # Generator endpoint: stream as Server-Sent Events
                gen = dependant.call(**solved_result.values)
    
                def _serialize_sse_item(item: Any) -> bytes:
                    if isinstance(item, ServerSentEvent):
                        # User controls the event structure.
                        # Serialize the data payload if present.
                        # For ServerSentEvent items we skip stream_item_field
                        # validation (the user may mix types intentionally).
                        if item.raw_data is not None:
                            data_str: str | None = item.raw_data
                        elif item.data is not None:
                            if hasattr(item.data, "model_dump_json"):
                                data_str = item.data.model_dump_json()
                            else:
                                data_str = json.dumps(jsonable_encoder(item.data))
                        else:
                            data_str = None
                        return format_sse_event(
                            data_str=data_str,
                            event=item.event,
                            id=item.id,
                            retry=item.retry,
                            comment=item.comment,
                        )
                    else:
                        # Plain object: validate + serialize via
                        # stream_item_field (if set) and wrap in data field
                        return format_sse_event(
                            data_str=_serialize_data(item).decode("utf-8")
                        )
    
                if dependant.is_async_gen_callable:
                    sse_aiter: AsyncIterator[Any] = gen.__aiter__()
                else:
                    sse_aiter = iterate_in_threadpool(gen)
    
                @asynccontextmanager
                async def _sse_producer_cm() -> AsyncIterator[
                    ObjectReceiveStream[bytes]
                ]:
                    # Use a memory stream to decouple generator iteration
                    # from the keepalive timer. A producer task pulls items
                    # from the generator independently, so
                    # `anyio.fail_after` never wraps the generator's
                    # `__anext__` directly - avoiding CancelledError that
                    # would finalize the generator and also working for sync
                    # generators running in a thread pool.
                    #
                    # This context manager is entered on the request-scoped
                    # AsyncExitStack so its __aexit__ (which cancels the
                    # task group) is called by the exit stack after the
                    # streaming response completes ù not by async generator
                    # finalization via GeneratorExit.
                    # Ref: https://peps.python.org/pep-0789/
                    send_stream, receive_stream = anyio.create_memory_object_stream[
                        bytes
                    ](max_buffer_size=1)
    
                    async def _producer() -> None:
                        async with send_stream:
                            async for raw_item in sse_aiter:
                                await send_stream.send(_serialize_sse_item(raw_item))
    
                    send_keepalive, receive_keepalive = (
                        anyio.create_memory_object_stream[bytes](max_buffer_size=1)
                    )
    
                    async def _keepalive_inserter() -> None:
                        """Read from the producer and forward to the output,
                        inserting keepalive comments on timeout."""
                        async with send_keepalive, receive_stream:
                            try:
                                while True:
                                    try:
                                        with anyio.fail_after(_PING_INTERVAL):
                                            data = await receive_stream.receive()
                                        await send_keepalive.send(data)
                                    except TimeoutError:
                                        await send_keepalive.send(KEEPALIVE_COMMENT)
                            except anyio.EndOfStream:
                                pass
    
                    async with anyio.create_task_group() as tg:
                        tg.start_soon(_producer)
                        tg.start_soon(_keepalive_inserter)
                        yield receive_keepalive
                        tg.cancel_scope.cancel()
    
                # Enter the SSE context manager on the request-scoped
                # exit stack. The stack outlives the streaming response,
                # so __aexit__ runs via proper structured teardown, not
                # via GeneratorExit thrown into an async generator.
                sse_receive_stream = await async_exit_stack.enter_async_context(
                    _sse_producer_cm()
                )
                # Ensure the receive stream is closed when the exit stack
                # unwinds, preventing ResourceWarning from __del__.
                async_exit_stack.push_async_callback(sse_receive_stream.aclose)
    
                async def _sse_with_checkpoints(
                    stream: ObjectReceiveStream[bytes],
                ) -> AsyncIterator[bytes]:
                    async for data in stream:
                        yield data
                        # Guarantee a checkpoint so cancellation can be
                        # delivered even when the producer is faster than
                        # the consumer and receive() never suspends.
                        await anyio.sleep(0)
    
                sse_stream_content: AsyncIterator[bytes] | Iterator[bytes] = (
                    _sse_with_checkpoints(sse_receive_stream)
                )
    
                response = StreamingResponse(
                    sse_stream_content,
                    media_type="text/event-stream",
                    background=solved_result.background_tasks,
                )
                response.headers["Cache-Control"] = "no-cache"
                # For Nginx proxies to not buffer server sent events
                response.headers["X-Accel-Buffering"] = "no"
                response.headers.raw.extend(solved_result.response.headers.raw)
            elif is_json_stream:
                # Generator endpoint: stream as JSONL
                gen = dependant.call(**solved_result.values)
    
                def _serialize_item(item: Any) -> bytes:
                    return _serialize_data(item) + b"\n"
    
                if dependant.is_async_gen_callable:
    
                    async def _async_stream_jsonl() -> AsyncIterator[bytes]:
                        async for item in gen:
                            yield _serialize_item(item)
                            # To allow for cancellation to trigger
                            # Ref: https://github.com/fastapi/fastapi/issues/14680
                            await anyio.sleep(0)
    
                    jsonl_stream_content: AsyncIterator[bytes] | Iterator[bytes] = (
                        _async_stream_jsonl()
                    )
                else:
    
                    def _sync_stream_jsonl() -> Iterator[bytes]:
                        for item in gen:  # ty: ignore[not-iterable]
                            yield _serialize_item(item)
    
                    jsonl_stream_content = _sync_stream_jsonl()
    
                response = StreamingResponse(
                    jsonl_stream_content,
                    media_type="application/jsonl",
                    background=solved_result.background_tasks,
                )
                response.headers.raw.extend(solved_result.response.headers.raw)
            elif dependant.is_async_gen_callable or dependant.is_gen_callable:
                # Raw streaming with explicit response_class (e.g. StreamingResponse)
                gen = dependant.call(**solved_result.values)
                if dependant.is_async_gen_callable:
    
                    async def _async_stream_raw(
                        async_gen: AsyncIterator[Any],
                    ) -> AsyncIterator[Any]:
                        async for chunk in async_gen:
                            yield chunk
                            # To allow for cancellation to trigger
                            # Ref: https://github.com/fastapi/fastapi/issues/14680
                            await anyio.sleep(0)
    
                    gen = _async_stream_raw(gen)
                response_args = _build_response_args(
                    status_code=status_code, solved_result=solved_result
                )
                response = actual_response_class(content=gen, **response_args)
                response.headers.raw.extend(solved_result.response.headers.raw)
            else:
>               raw_response = await run_endpoint_function(
                    dependant=dependant,
                    values=solved_result.values,
                    is_coroutine=is_coroutine,
                )

C:\Python314\Lib\site-packages\fastapi\routing.py:674: 
_ _ _ _ _ _ _ _ _ _ _ _ _ _ _ _ _ _ _ _ _ _ _ _ _ _ _ _ _ _ _ _ _ _ _ _ _ _ _ _

    async def run_endpoint_function(
        *, dependant: Dependant, values: dict[str, Any], is_coroutine: bool
    ) -> Any:
        # Only called by get_request_handler. Has been split into its own function to
        # facilitate profiling endpoints, since inner functions are harder to profile.
        assert dependant.call is not None, "dependant.call must be a function"
    
        if is_coroutine:
>           return await dependant.call(**values)
                   ^^^^^^^^^^^^^^^^^^^^^^^^^^^^^^

C:\Python314\Lib\site-packages\fastapi\routing.py:328: 
_ _ _ _ _ _ _ _ _ _ _ _ _ _ _ _ _ _ _ _ _ _ _ _ _ _ _ _ _ _ _ _ _ _ _ _ _ _ _ _

athlete_id = 0

    @router.get("/coach/workout")
    async def workout_recommendations(athlete_id: int = 0):
>       from ..db.database import get_rides_by_athlete, get_athlete, get_db_connection
E       ImportError: cannot import name 'get_db_connection' from 'bike_analyzer.backend.db.database' (D:\BikeMaster\bike_analyzer\backend\db\database.py)

bike_analyzer\backend\api\routes.py:322: ImportError
============================== warnings summary ===============================
C:\Users\user\AppData\Roaming\Python\Python314\site-packages\matplotlib\_fontconfig_pattern.py:64
  C:\Users\user\AppData\Roaming\Python\Python314\site-packages\matplotlib\_fontconfig_pattern.py:64: PyparsingDeprecationWarning: 'oneOf' deprecated - use 'one_of'
    prop = Group((name + Suppress("=") + comma_separated(value)) | oneOf(_CONSTANTS))

C:\Users\user\AppData\Roaming\Python\Python314\site-packages\matplotlib\_fontconfig_pattern.py:85
C:\Users\user\AppData\Roaming\Python\Python314\site-packages\matplotlib\_fontconfig_pattern.py:85
C:\Users\user\AppData\Roaming\Python\Python314\site-packages\matplotlib\_fontconfig_pattern.py:85
C:\Users\user\AppData\Roaming\Python\Python314\site-packages\matplotlib\_fontconfig_pattern.py:85
C:\Users\user\AppData\Roaming\Python\Python314\site-packages\matplotlib\_fontconfig_pattern.py:85
C:\Users\user\AppData\Roaming\Python\Python314\site-packages\matplotlib\_fontconfig_pattern.py:85
  C:\Users\user\AppData\Roaming\Python\Python314\site-packages\matplotlib\_fontconfig_pattern.py:85: PyparsingDeprecationWarning: 'parseString' deprecated - use 'parse_string'
    parse = parser.parseString(pattern)

C:\Users\user\AppData\Roaming\Python\Python314\site-packages\matplotlib\_fontconfig_pattern.py:89
C:\Users\user\AppData\Roaming\Python\Python314\site-packages\matplotlib\_fontconfig_pattern.py:89
C:\Users\user\AppData\Roaming\Python\Python314\site-packages\matplotlib\_fontconfig_pattern.py:89
C:\Users\user\AppData\Roaming\Python\Python314\site-packages\matplotlib\_fontconfig_pattern.py:89
C:\Users\user\AppData\Roaming\Python\Python314\site-packages\matplotlib\_fontconfig_pattern.py:89
C:\Users\user\AppData\Roaming\Python\Python314\site-packages\matplotlib\_fontconfig_pattern.py:89
  C:\Users\user\AppData\Roaming\Python\Python314\site-packages\matplotlib\_fontconfig_pattern.py:89: PyparsingDeprecationWarning: 'resetCache' deprecated - use 'reset_cache'
    parser.resetCache()

C:\Users\user\AppData\Roaming\Python\Python314\site-packages\matplotlib\_mathtext.py:45
  C:\Users\user\AppData\Roaming\Python\Python314\site-packages\matplotlib\_mathtext.py:45: PyparsingDeprecationWarning: 'enablePackrat' deprecated - use 'enable_packrat'
    ParserElement.enablePackrat()

bike_analyzer\backend\api\app_factory.py:26
  D:\BikeMaster\bike_analyzer\backend\api\app_factory.py:26: DeprecationWarning: 
          on_event is deprecated, use lifespan event handlers instead.
  
          Read more about it in the
          [FastAPI docs for Lifespan Events](https://fastapi.tiangolo.com/advanced/events/).
          
    @app.on_event("startup")

C:\Python314\Lib\site-packages\fastapi\applications.py:4598
  C:\Python314\Lib\site-packages\fastapi\applications.py:4598: DeprecationWarning: 
          on_event is deprecated, use lifespan event handlers instead.
  
          Read more about it in the
          [FastAPI docs for Lifespan Events](https://fastapi.tiangolo.com/advanced/events/).
          
    return self.router.on_event(event_type)  # ty: ignore[deprecated]

C:\Python314\Lib\site-packages\pytest_asyncio\plugin.py:179: 282 warnings
  C:\Python314\Lib\site-packages\pytest_asyncio\plugin.py:179: DeprecationWarning: 'asyncio.iscoroutinefunction' is deprecated and slated for removal in Python 3.16; use inspect.iscoroutinefunction() instead
    return asyncio.iscoroutinefunction(obj) or inspect.isasyncgenfunction(obj)

C:\Python314\Lib\site-packages\pytest_asyncio\plugin.py:450
C:\Python314\Lib\site-packages\pytest_asyncio\plugin.py:450
C:\Python314\Lib\site-packages\pytest_asyncio\plugin.py:450
  C:\Python314\Lib\site-packages\pytest_asyncio\plugin.py:450: DeprecationWarning: 'asyncio.iscoroutinefunction' is deprecated and slated for removal in Python 3.16; use inspect.iscoroutinefunction() instead
    return asyncio.iscoroutinefunction(func)

tests/test_ai_coach_api.py::test_coach_workout_endpoint
  C:\Python314\Lib\site-packages\pytest_asyncio\plugin.py:1056: DeprecationWarning: 'asyncio.get_event_loop_policy' is deprecated and slated for removal in Python 3.16
    return asyncio.get_event_loop_policy()

-- Docs: https://docs.pytest.org/en/stable/how-to/capture-warnings.html
=========================== short test summary info ===========================
FAILED tests/test_ai_coach_api.py::test_coach_workout_endpoint - ImportError:...
====================== 1 failed, 302 warnings in 15.62s =======================
